01:21:28 **** Incremental Build of configuration Debug for project tdse-tp3_06-interactive_menu ****
make -j4 all 
arm-none-eabi-size  tdse-tp3_06-interactive_menu.elf 
   text	   data	    bss	    dec	    hex	filename
  19608	    160	   2384	  22152	   5688	tdse-tp3_06-interactive_menu.elf
Finished building: default.size.stdout
 
01:21:31 **** Incremental Build of configuration Debug for project tdse-tp3_06-interactive_menu ****
make -j4 all 
arm-none-eabi-size  tdse-tp3_06-interactive_menu.elf 
   text	   data	    bss	    dec	    hex	filename
  19608	    160	   2384	  22152	   5688	tdse-tp3_06-interactive_menu.elf
Finished building: default.size.stdout
 
01:23:00 **** Incremental Build of configuration Debug for project tdse-tp3_06-interactive_menu ****
make -j4 all 
arm-none-eabi-size  tdse-tp3_06-interactive_menu.elf 
   text	   data	    bss	    dec	    hex	filename
  19608	    160	   2384	  22152	   5688	tdse-tp3_06-interactive_menu.elf
Finished building: default.size.stdout
 
01:23:58 **** Incremental Build of configuration Debug for project tdse-tp3_06-interactive_menu ****
make -j4 all 
arm-none-eabi-size  tdse-tp3_06-interactive_menu.elf 
   text	   data	    bss	    dec	    hex	filename
  19608	    160	   2384	  22152	   5688	tdse-tp3_06-interactive_menu.elf
Finished building: default.size.stdout
 
